╭──────────────────────────────────────────────────────────────────────────────╮
│ CPU                                                                          │
│ CPU [█████████████████████████████████████░░░░░░░░░░░░░░░░░░░░░░░░░░]  60.0% │
│ Load: 1.50 1.25 1.00                                                         │
│ cpu0  ██████████████████████████████████████████████████░░░░░░░░░░░░░  80.0% │
│ cpu1  █████████████████████████░░░░░░░░░░░░░░░░░░░░░░░░░░░░░░░░░░░░░░  40.0% │
│ cpu2  ████████████████████████████████████████████░░░░░░░░░░░░░░░░░░░  70.0% │
│ cpu3  ██████████████████░░░░░░░░░░░░░░░░░░░░░░░░░░░░░░░░░░░░░░░░░░░░░  30.0% │
╰──────────────────────────────────────────────────────────────────────────────╯