╭──────────────────────────────────────────────────────────────────────────────╮
│ CPU                                                                          │
│ CPU [███████████████████████████████████████████████░░░░░░░░░░░░░░░░]  75.0% │
│ ⠀⠀⠀⠀⠀⠀⠀⠀⠀⠀⠀⠀⠀⠀⠀⠀⠀⠀⠀⠀⠀⠀⠀⠀⠀⠀⠀⠀⠀⠀⠀⠀⠀⠀⠀⠀⠀⠀⠀⠀⠀⠀⠀⠀⠀⠀⠀⠀⠀⠀⠀⠀⠀⠀⠀⠀⠀⠀⠀⠀⡀⡀⡄⡄⡆⡆⠀⠀⠀⠀⠀⠀⠀⠀⠀⠀ │
│ ⠀⠀⠀⠀⠀⠀⠀⠀⠀⠀⠀⠀⠀⠀⠀⠀⠀⠀⠀⠀⠀⠀⠀⠀⠀⠀⠀⠀⠀⠀⠀⠀⠀⠀⠀⠀⠀⠀⠀⠀⠀⠀⠀⠀⠀⠀⠀⠀⠀⠀⠀⠀⡀⡀⡄⡄⡆⡆⡇⡇⡇⡇⡇⡇⡇⡇⠀⠀⠀⠀⠀⠀⠀⠀⠀⠀ │
│ ⠀⠀⠀⠀⠀⠀⠀⠀⠀⠀⠀⠀⠀⠀⠀⠀⠀⠀⠀⠀⠀⠀⠀⠀⠀⠀⠀⠀⠀⠀⠀⠀⠀⠀⠀⠀⠀⠀⠀⠀⠀⠀⠀⠀⡀⡀⡄⡄⡆⡆⡇⡇⡇⡇⡇⡇⡇⡇⡇⡇⡇⡇⡇⡇⡇⡇⠀⠀⠀⠀⠀⠀⠀⠀⠀⠀ │
│ ⠀⠀⠀⠀⠀⠀⠀⠀⠀⠀⠀⠀⠀⠀⠀⠀⠀⠀⠀⠀⠀⠀⠀⠀⠀⠀⠀⠀⠀⠀⠀⠀⠀⠀⠀⡀⡀⡄⡄⡆⡆⡇⡇⡇⡇⡇⡇⡇⡇⡇⡇⡇⡇⡇⡇⡇⡇⡇⡇⡇⡇⡇⡇⡇⡇⡇⠀⠀⠀⠀⠀⠀⠀⠀⠀⠀ │
│ ⠀⠀⠀⠀⠀⠀⠀⠀⠀⠀⠀⠀⠀⠀⠀⠀⠀⠀⠀⠀⠀⠀⠀⠀⠀⠀⠀⡀⡀⡄⡄⡆⡆⡇⡇⡇⡇⡇⡇⡇⡇⡇⡇⡇⡇⡇⡇⡇⡇⡇⡇⡇⡇⡇⡇⡇⡇⡇⡇⡇⡇⡇⡇⡇⡇⡇⠀⠀⠀⠀⠀⠀⠀⠀⠀⠀ │
│ ⠀⠀⠀⠀⠀⠀⠀⠀⠀⠀⠀⠀⠀⠀⠀⠀⠀⠀⠀⡀⡀⡄⡄⡆⡆⡇⡇⡇⡇⡇⡇⡇⡇⡇⡇⡇⡇⡇⡇⡇⡇⡇⡇⡇⡇⡇⡇⡇⡇⡇⡇⡇⡇⡇⡇⡇⡇⡇⡇⡇⡇⡇⡇⡇⡇⡇⠀⠀⠀⡀⡀⡄⡄⡆⡆⡇ │
│ Load: 2.00 1.50 1.00                                                         │
╰──────────────────────────────────────────────────────────────────────────────╯