╭──────────────────────────────────────────────────────────────────────────────╮
│ Processes                                                                    │
│ Total: 6 | Sort: CPU (1-3 of 6)                                              │
│   PID    USER       S  CPU%▾  MEM     CMD                                    │
│ ──────────────────────────────────────────────────────────────────────────── │
│        1 root        S   0.0%  10.0MB systemd                                │
│        2 root        S   0.1%      0B kthread                                │
│        3 alice       R   0.5%  20.0MB bash                                   │
╰──────────────────────────────────────────────────────────────────────────────╯