╭──────────────────────────────────────────────────────────────────────────────╮
│ Network                                                                      │
│ eth0 (up)                                                                    │
│ ▼ Down: 1.0 MiB/s (peak 0 B/s)                                               │
╰──────────────────────────────────────────────────────────────────────────────╯