╭──────────────────────────────────────────────────────────────────────────────╮
│ Network                                                                      │
│ eth0 (up)                                                                    │
│ ▼ Down: 1.0 MiB/s (peak 0 B/s)                                               │
│ ▲ Up: 512 KiB/s (peak 0 B/s)                                                 │
│ IPv4: 192.168.1.100                                                          │
│ IPv6: fe80::1                                                                │
╰──────────────────────────────────────────────────────────────────────────────╯